MO action_processor NULL ../../hw/pcores/openflow_datapath_v1_00_a/hdl/verilog/action_processor.v vlg05/action__processor.bin 1476394669
MO host_inf NULL ../../hw/pcores/openflow_datapath_v1_00_a/hdl/verilog/host_inf.v vlg62/host__inf.bin 1476394551
MO openflow_datapath NULL ../../hw/pcores/openflow_datapath_v1_00_a/hdl/verilog/openflow_datapath.v vlg64/openflow__datapath.bin 1476394551
MO divider NULL ../../hw/pcores/openflow_datapath_v1_00_a/hdl/verilog/divider.v vlg4B/divider.bin 1471650237
MO openflow_cam NULL ../../hw/pcores/openflow_datapath_v1_00_a/hdl/verilog/openflow_cam.v vlg66/openflow__cam.bin 1476394551
MO flow_tbl_ctrl NULL ../../hw/pcores/openflow_datapath_v1_00_a/hdl/verilog/flow_table_controller.v vlg5D/flow__tbl__ctrl.bin 1476394551
MO lu_entry_composer NULL ../../hw/pcores/openflow_datapath_v1_00_a/hdl/verilog/lu_entry_composer.v vlg55/lu__entry__composer.bin 1476394551
MO pkt_preprocessor NULL ../../hw/pcores/openflow_datapath_v1_00_a/hdl/verilog/pkt_preprocessor.v vlg05/pkt__preprocessor.bin 1476394551
MO fallthrough_small_fifo NULL ../../hw/pcores/openflow_datapath_v1_00_a/hdl/verilog/fallthrough_small_fifo_v2.v vlg1F/fallthrough__small__fifo.bin 1476399364
MO s_counter NULL ../../hw/pcores/openflow_datapath_v1_00_a/hdl/verilog/s_counter.v vlg56/s__counter.bin 1476394551
MO divider_core NULL ipcore_dir/divider_core.v vlg43/divider__core.bin 1476399364
MO header_parser NULL ../../hw/pcores/openflow_datapath_v1_00_a/hdl/verilog/header_parser.v vlg5D/header__parser.bin 1476405346
MO small_fifo NULL ../../hw/pcores/openflow_datapath_v1_00_a/hdl/verilog/small_fifo_v3.v vlg4C/small__fifo.bin 1476399364
MO header_hash NULL ../../hw/pcores/openflow_datapath_v1_00_a/hdl/verilog/header_hash.v vlg54/header__hash.bin 1476394551
MO keyflow_processor NULL ../../hw/pcores/openflow_datapath_v1_00_a/hdl/verilog/keyflow_processor.v vlg78/keyflow__processor.bin 1476399364
